{
  "status": "success",
  "file": "/mnt/c/Chainguard/Extension/vscode-solidity-security/test/sample.sol",
  "vulnerabilities": [
    {
      "file": "sample.sol",
      "contract": "VulnerableContract",
      "function": "onlyOwner()",
      "line_from": 17,
      "line_to": 21,
      "snippet": "require(tx.origin == owner, \"Not owner\");\n        _;\n    }",
      "owasp_id": "SC05:2025",
      "owasp_name": "Reentrancy",
      "suggestion": "Follow checks-effects-interactions pattern to prevent reentrancy",
      "node_type": "ast_node",
      "confidence": 0.515842616558075
    },
    {
      "file": "sample.sol",
      "contract": "VulnerableContract",
      "function": "onlyOwner()",
      "line_from": 17,
      "line_to": 19,
      "snippet": "require(tx.origin == owner, \"Not owner\");\n        _;\n    }",
      "owasp_id": "SC05:2025",
      "owasp_name": "Reentrancy",
      "suggestion": "Follow checks-effects-interactions pattern to prevent reentrancy",
      "node_type": "ast_node",
      "confidence": 0.6588693261146545
    },
    {
      "file": "sample.sol",
      "contract": "VulnerableContract",
      "function": "onlyOwner()",
      "line_from": 21,
      "line_to": 21,
      "snippet": "function withdraw() public {",
      "owasp_id": "SC05:2025",
      "owasp_name": "Reentrancy",
      "suggestion": "Follow checks-effects-interactions pattern to prevent reentrancy",
      "node_type": "ast_node",
      "confidence": 0.6588693261146545
    },
    {
      "file": "sample.sol",
      "contract": "VulnerableContract",
      "function": "withdrawAmount(uint256)",
      "line_from": 26,
      "line_to": 28,
      "snippet": "require(balances[msg.sender] >= amount, \"Insufficient balance\");\n        \n        (bool success, ) = msg.sender.call{value: amount}(\"\");",
      "owasp_id": "SC05:2025",
      "owasp_name": "Reentrancy",
      "suggestion": "Follow checks-effects-interactions pattern to prevent reentrancy",
      "node_type": "ast_node",
      "confidence": 0.5549343824386597
    },
    {
      "file": "sample.sol",
      "contract": "VulnerableContract",
      "function": "withdrawAmount(uint256)",
      "line_from": 28,
      "line_to": 29,
      "snippet": "(bool success, ) = msg.sender.call{value: amount}(\"\");\n        require(success, \"Transfer failed\");",
      "owasp_id": "SC05:2025",
      "owasp_name": "Reentrancy",
      "suggestion": "Follow checks-effects-interactions pattern to prevent reentrancy",
      "node_type": "ast_node",
      "confidence": 0.5549343824386597
    },
    {
      "file": "sample.sol",
      "contract": "VulnerableContract",
      "function": "withdrawAmount(uint256)",
      "line_from": 29,
      "line_to": 31,
      "snippet": "require(success, \"Transfer failed\");\n        \n        balances[msg.sender] -= amount;",
      "owasp_id": "SC05:2025",
      "owasp_name": "Reentrancy",
      "suggestion": "Follow checks-effects-interactions pattern to prevent reentrancy",
      "node_type": "ast_node",
      "confidence": 0.5549343824386597
    },
    {
      "file": "sample.sol",
      "contract": "VulnerableContract",
      "function": "withdrawAmount(uint256)",
      "line_from": 31,
      "line_to": 34,
      "snippet": "balances[msg.sender] -= amount;\n    }",
      "owasp_id": "SC05:2025",
      "owasp_name": "Reentrancy",
      "suggestion": "Follow checks-effects-interactions pattern to prevent reentrancy",
      "node_type": "ast_node",
      "confidence": 0.5549343824386597
    },
    {
      "file": "sample.sol",
      "contract": "VulnerableContract",
      "function": "delegateCallToAddress(address,bytes[])",
      "line_from": 35,
      "line_to": 36,
      "snippet": "(bool success, ) = target.delegatecall(data);\n        require(success, \"Delegatecall failed\");",
      "owasp_id": "SC05:2025",
      "owasp_name": "Reentrancy",
      "suggestion": "Follow checks-effects-interactions pattern to prevent reentrancy",
      "node_type": "ast_node",
      "confidence": 0.597098171710968
    },
    {
      "file": "sample.sol",
      "contract": "VulnerableContract",
      "function": "delegateCallToAddress(address,bytes[])",
      "line_from": 36,
      "line_to": 39,
      "snippet": "require(success, \"Delegatecall failed\");\n    }",
      "owasp_id": "SC05:2025",
      "owasp_name": "Reentrancy",
      "suggestion": "Follow checks-effects-interactions pattern to prevent reentrancy",
      "node_type": "ast_node",
      "confidence": 0.597098171710968
    },
    {
      "file": "sample.sol",
      "contract": "VulnerableContract",
      "function": "unsafeAdd(uint256,uint256)",
      "line_from": 47,
      "line_to": 48,
      "snippet": "function safeWithdraw() public {\n        uint256 amount = balances[msg.sender];",
      "owasp_id": "SC05:2025",
      "owasp_name": "Reentrancy",
      "suggestion": "Follow checks-effects-interactions pattern to prevent reentrancy",
      "node_type": "ast_node",
      "confidence": 0.5641154050827026
    },
    {
      "file": "sample.sol",
      "contract": "VulnerableContract",
      "function": "unsafeAdd(uint256,uint256)",
      "line_from": 47,
      "line_to": 47,
      "snippet": "function safeWithdraw() public {",
      "owasp_id": "SC05:2025",
      "owasp_name": "Reentrancy",
      "suggestion": "Follow checks-effects-interactions pattern to prevent reentrancy",
      "node_type": "ast_node",
      "confidence": 0.66062331199646
    },
    {
      "file": "sample.sol",
      "contract": "VulnerableContract",
      "function": "onlyOwnerSafe()",
      "line_from": 59,
      "line_to": 62,
      "snippet": "_;\n    }\n    function deposit() public payable {",
      "owasp_id": "SC05:2025",
      "owasp_name": "Reentrancy",
      "suggestion": "Follow checks-effects-interactions pattern to prevent reentrancy",
      "node_type": "ast_node",
      "confidence": 0.5288859605789185
    },
    {
      "file": "sample.sol",
      "contract": "VulnerableContract",
      "function": "onlyOwnerSafe()",
      "line_from": 60,
      "line_to": 61,
      "snippet": "}\n    function deposit() public payable {",
      "owasp_id": "SC05:2025",
      "owasp_name": "Reentrancy",
      "suggestion": "Follow checks-effects-interactions pattern to prevent reentrancy",
      "node_type": "ast_node",
      "confidence": 0.6598404049873352
    },
    {
      "file": "sample.sol",
      "contract": "VulnerableContract",
      "function": "onlyOwnerSafe()",
      "line_from": 62,
      "line_to": 62,
      "snippet": "balances[msg.sender] += msg.value;",
      "owasp_id": "SC05:2025",
      "owasp_name": "Reentrancy",
      "suggestion": "Follow checks-effects-interactions pattern to prevent reentrancy",
      "node_type": "ast_node",
      "confidence": 0.6598404049873352
    },
    {
      "file": "sample.sol",
      "contract": "VulnerableContract",
      "function": "receive()",
      "line_from": 68,
      "line_to": 68,
      "snippet": "",
      "owasp_id": "SC05:2025",
      "owasp_name": "Reentrancy",
      "suggestion": "Follow checks-effects-interactions pattern to prevent reentrancy",
      "node_type": "ast_node",
      "confidence": 0.5020621418952942
    },
    {
      "file": "sample.sol",
      "contract": "VulnerableContract",
      "function": "receive()",
      "line_from": 68,
      "line_to": 68,
      "snippet": "",
      "owasp_id": "SC03:2025",
      "owasp_name": "Access Control Issue",
      "suggestion": "Add proper access control modifiers (onlyOwner, etc.)",
      "node_type": "ast_node",
      "confidence": 0.8312684893608093
    },
    {
      "file": "sample.sol",
      "contract": "VulnerableContract",
      "function": "constructor()",
      "line_from": 12,
      "line_to": 16,
      "snippet": "constructor() {\n        owner = msg.sender;\n    }",
      "owasp_id": "SC03:2025",
      "owasp_name": "Access Control Issue",
      "suggestion": "Add proper access control modifiers (onlyOwner, etc.)",
      "node_type": "cfg_node",
      "confidence": 0.6140485405921936
    },
    {
      "file": "sample.sol",
      "contract": "VulnerableContract",
      "function": "delegateCallToAddress(address,bytes)",
      "line_from": 1,
      "line_to": 1,
      "snippet": "",
      "owasp_id": "SC05:2025",
      "owasp_name": "Reentrancy",
      "suggestion": "Follow checks-effects-interactions pattern to prevent reentrancy",
      "node_type": "cfg_node",
      "confidence": 0.6734583973884583
    },
    {
      "file": "sample.sol",
      "contract": "VulnerableContract",
      "function": "delegateCallToAddress(address,bytes)",
      "line_from": 3,
      "line_to": 3,
      "snippet": "",
      "owasp_id": "SC05:2025",
      "owasp_name": "Reentrancy",
      "suggestion": "Follow checks-effects-interactions pattern to prevent reentrancy",
      "node_type": "cfg_node",
      "confidence": 0.7475740313529968
    },
    {
      "file": "sample.sol",
      "contract": "VulnerableContract",
      "function": "delegateCallToAddress(address,bytes)",
      "line_from": 3,
      "line_to": 3,
      "snippet": "",
      "owasp_id": "SC05:2025",
      "owasp_name": "Reentrancy",
      "suggestion": "Follow checks-effects-interactions pattern to prevent reentrancy",
      "node_type": "cfg_node",
      "confidence": 0.7839353680610657
    },
    {
      "file": "sample.sol",
      "contract": "VulnerableContract",
      "function": "delegateCallToAddress(address,bytes)",
      "line_from": 3,
      "line_to": 3,
      "snippet": "",
      "owasp_id": "SC01:2025",
      "owasp_name": "Integer Overflow/Underflow",
      "suggestion": "Use SafeMath or Solidity 0.8+ for arithmetic operations",
      "node_type": "cfg_node",
      "confidence": 0.7050691843032837
    },
    {
      "file": "sample.sol",
      "contract": "VulnerableContract",
      "function": "onlyOwner()",
      "line_from": 1,
      "line_to": 1,
      "snippet": "",
      "owasp_id": "SC05:2025",
      "owasp_name": "Reentrancy",
      "suggestion": "Follow checks-effects-interactions pattern to prevent reentrancy",
      "node_type": "cfg_node",
      "confidence": 0.6515986919403076
    },
    {
      "file": "sample.sol",
      "contract": "VulnerableContract",
      "function": "onlyOwnerSafe()",
      "line_from": 58,
      "line_to": 62,
      "snippet": "require(msg.sender == owner, \"Not owner\");\n        _;\n    }",
      "owasp_id": "SC03:2025",
      "owasp_name": "Access Control Issue",
      "suggestion": "Add proper access control modifiers (onlyOwner, etc.)",
      "node_type": "cfg_node",
      "confidence": 0.7993184924125671
    },
    {
      "file": "sample.sol",
      "contract": "VulnerableContract",
      "function": "onlyOwnerSafe()",
      "line_from": 3,
      "line_to": 3,
      "snippet": "",
      "owasp_id": "SC05:2025",
      "owasp_name": "Reentrancy",
      "suggestion": "Follow checks-effects-interactions pattern to prevent reentrancy",
      "node_type": "cfg_node",
      "confidence": 0.604078471660614
    },
    {
      "file": "sample.sol",
      "contract": "VulnerableContract",
      "function": "onlyOwnerSafe()",
      "line_from": 1,
      "line_to": 1,
      "snippet": "",
      "owasp_id": "SC05:2025",
      "owasp_name": "Reentrancy",
      "suggestion": "Follow checks-effects-interactions pattern to prevent reentrancy",
      "node_type": "cfg_node",
      "confidence": 0.5782052278518677
    },
    {
      "file": "sample.sol",
      "contract": "VulnerableContract",
      "function": "randomNumber()",
      "line_from": 3,
      "line_to": 3,
      "snippet": "",
      "owasp_id": "SC05:2025",
      "owasp_name": "Reentrancy",
      "suggestion": "Follow checks-effects-interactions pattern to prevent reentrancy",
      "node_type": "cfg_node",
      "confidence": 0.7609977722167969
    },
    {
      "file": "sample.sol",
      "contract": "VulnerableContract",
      "function": "receive()",
      "line_from": 68,
      "line_to": 68,
      "snippet": "",
      "owasp_id": "SC03:2025",
      "owasp_name": "Access Control Issue",
      "suggestion": "Add proper access control modifiers (onlyOwner, etc.)",
      "node_type": "cfg_node",
      "confidence": 0.6339256763458252
    },
    {
      "file": "sample.sol",
      "contract": "VulnerableContract",
      "function": "receive()",
      "line_from": 68,
      "line_to": 68,
      "snippet": "",
      "owasp_id": "SC03:2025",
      "owasp_name": "Access Control Issue",
      "suggestion": "Add proper access control modifiers (onlyOwner, etc.)",
      "node_type": "cfg_node",
      "confidence": 0.7078139781951904
    },
    {
      "file": "sample.sol",
      "contract": "VulnerableContract",
      "function": "safeWithdraw()",
      "line_from": 3,
      "line_to": 3,
      "snippet": "",
      "owasp_id": "SC05:2025",
      "owasp_name": "Reentrancy",
      "suggestion": "Follow checks-effects-interactions pattern to prevent reentrancy",
      "node_type": "cfg_node",
      "confidence": 0.553689181804657
    },
    {
      "file": "sample.sol",
      "contract": "VulnerableContract",
      "function": "safeWithdraw()",
      "line_from": 53,
      "line_to": 53,
      "snippet": "(bool success, ) = msg.sender.call{value: amount}(\"\");",
      "owasp_id": "SC05:2025",
      "owasp_name": "Reentrancy",
      "suggestion": "Follow checks-effects-interactions pattern to prevent reentrancy",
      "node_type": "cfg_node",
      "confidence": 0.8567714095115662
    },
    {
      "file": "sample.sol",
      "contract": "VulnerableContract",
      "function": "safeWithdraw()",
      "line_from": 1,
      "line_to": 1,
      "snippet": "",
      "owasp_id": "SC05:2025",
      "owasp_name": "Reentrancy",
      "suggestion": "Follow checks-effects-interactions pattern to prevent reentrancy",
      "node_type": "cfg_node",
      "confidence": 0.8430790901184082
    },
    {
      "file": "sample.sol",
      "contract": "VulnerableContract",
      "function": "unsafeAdd(uint256,uint256)",
      "line_from": 43,
      "line_to": 48,
      "snippet": "function unsafeAdd(uint256 a, uint256 b) public pure returns (uint256) {\n        return a + b; \n    }",
      "owasp_id": "SC08:2025",
      "owasp_name": "Front Running",
      "suggestion": "Use commit-reveal schemes for sensitive operations",
      "node_type": "cfg_node",
      "confidence": 0.636724591255188
    },
    {
      "file": "sample.sol",
      "contract": "VulnerableContract",
      "function": "unsafeAdd(uint256,uint256)",
      "line_from": 3,
      "line_to": 3,
      "snippet": "",
      "owasp_id": "SC01:2025",
      "owasp_name": "Integer Overflow/Underflow",
      "suggestion": "Use SafeMath or Solidity 0.8+ for arithmetic operations",
      "node_type": "cfg_node",
      "confidence": 0.5976248383522034
    },
    {
      "file": "sample.sol",
      "contract": "VulnerableContract",
      "function": "withdraw()",
      "line_from": 3,
      "line_to": 3,
      "snippet": "",
      "owasp_id": "SC05:2025",
      "owasp_name": "Reentrancy",
      "suggestion": "Follow checks-effects-interactions pattern to prevent reentrancy",
      "node_type": "cfg_node",
      "confidence": 0.5957222580909729
    },
    {
      "file": "sample.sol",
      "contract": "VulnerableContract",
      "function": "withdrawAmount(uint256)",
      "line_from": 25,
      "line_to": 34,
      "snippet": "function withdrawAmount(uint256 amount) public {\n        require(balances[msg.sender] >= amount, \"Insufficient balance\");",
      "owasp_id": "SC05:2025",
      "owasp_name": "Reentrancy",
      "suggestion": "Follow checks-effects-interactions pattern to prevent reentrancy",
      "node_type": "cfg_node",
      "confidence": 0.6440167427062988
    },
    {
      "file": "sample.sol",
      "contract": "VulnerableContract",
      "function": "withdrawAmount(uint256)",
      "line_from": 3,
      "line_to": 3,
      "snippet": "",
      "owasp_id": "SC05:2025",
      "owasp_name": "Reentrancy",
      "suggestion": "Follow checks-effects-interactions pattern to prevent reentrancy",
      "node_type": "cfg_node",
      "confidence": 0.7779837250709534
    },
    {
      "file": "sample.sol",
      "contract": "VulnerableContract",
      "function": "withdrawAmount(uint256)",
      "line_from": 1,
      "line_to": 1,
      "snippet": "",
      "owasp_id": "SC05:2025",
      "owasp_name": "Reentrancy",
      "suggestion": "Follow checks-effects-interactions pattern to prevent reentrancy",
      "node_type": "cfg_node",
      "confidence": 0.877749502658844
    },
    {
      "file": "sample.sol",
      "contract": "VulnerableContract",
      "function": "withdrawAmount(uint256)",
      "line_from": 3,
      "line_to": 3,
      "snippet": "",
      "owasp_id": "SC05:2025",
      "owasp_name": "Reentrancy",
      "suggestion": "Follow checks-effects-interactions pattern to prevent reentrancy",
      "node_type": "cfg_node",
      "confidence": 0.8484250903129578
    }
  ]
}
